// Vitest Snapshot v1, https://vitest.dev/guide/snapshot.html

exports[`Header component > matches snapshot 1`] = `
{
  "asFragment": [Function],
  "baseElement": <body>
    <div>
      <div
        class="supports-backdrop-blur:bg-background/60 fixed left-0 right-0 top-0 z-20 border-b bg-background/95 backdrop-blur"
      >
        <nav
          class="flex h-16 items-center justify-between px-4"
        >
          <a
            class="hidden items-center justify-between gap-2 md:flex"
            href="/"
          >
            <svg
              class="lucide lucide-boxes h-6 w-6"
              fill="none"
              height="24"
              stroke="currentColor"
              stroke-linecap="round"
              stroke-linejoin="round"
              stroke-width="2"
              viewBox="0 0 24 24"
              width="24"
              xmlns="http://www.w3.org/2000/svg"
            >
              <path
                d="M2.97 12.92A2 2 0 0 0 2 14.63v3.24a2 2 0 0 0 .97 1.71l3 1.8a2 2 0 0 0 2.06 0L12 19v-5.5l-5-3-4.03 2.42Z"
              />
              <path
                d="m7 16.5-4.74-2.85"
              />
              <path
                d="m7 16.5 5-3"
              />
              <path
                d="M7 16.5v5.17"
              />
              <path
                d="M12 13.5V19l3.97 2.38a2 2 0 0 0 2.06 0l3-1.8a2 2 0 0 0 .97-1.71v-3.24a2 2 0 0 0-.97-1.71L17 10.5l-5 3Z"
              />
              <path
                d="m17 16.5-5-3"
              />
              <path
                d="m17 16.5 4.74-2.85"
              />
              <path
                d="M17 16.5v5.17"
              />
              <path
                d="M7.97 4.42A2 2 0 0 0 7 6.13v4.37l5 3 5-3V6.13a2 2 0 0 0-.97-1.71l-3-1.8a2 2 0 0 0-2.06 0l-3 1.8Z"
              />
              <path
                d="M12 8 7.26 5.15"
              />
              <path
                d="m12 8 4.74-2.85"
              />
              <path
                d="M12 13.5V8"
              />
            </svg>
            <h1
              class="text-lg font-semibold"
            >
              Gepard Configuration Server
            </h1>
          </a>
          <div
            class="block md:!hidden"
          >
            <div
              aria-controls="radix-:r0:"
              aria-expanded="false"
              aria-haspopup="dialog"
              class="flex items-center justify-center gap-2"
              data-state="closed"
              type="button"
            >
              <svg
                class="lucide lucide-menu"
                fill="none"
                height="24"
                stroke="currentColor"
                stroke-linecap="round"
                stroke-linejoin="round"
                stroke-width="2"
                viewBox="0 0 24 24"
                width="24"
                xmlns="http://www.w3.org/2000/svg"
              >
                <line
                  x1="4"
                  x2="20"
                  y1="12"
                  y2="12"
                />
                <line
                  x1="4"
                  x2="20"
                  y1="6"
                  y2="6"
                />
                <line
                  x1="4"
                  x2="20"
                  y1="18"
                  y2="18"
                />
              </svg>
              <h1
                class="text-lg font-semibold"
              >
                Gepard Configuration Server
              </h1>
            </div>
          </div>
          <div
            class="flex items-center gap-2"
          >
            <button
              class="inline-flex items-center justify-center whitespace-nowrap rounded-md text-sm font-medium ring-offset-background transition-colors focus-visible:outline-none focus-visible:ring-2 focus-visible:ring-ring focus-visible:ring-offset-2 disabled:pointer-events-none disabled:opacity-50 border border-input bg-background hover:bg-accent hover:text-accent-foreground h-10 w-10"
            >
              <svg
                class="lucide lucide-sun h-[1.2rem] w-[1.2rem] rotate-0 scale-100 transition-all dark:-rotate-90 dark:scale-0"
                fill="none"
                height="24"
                stroke="currentColor"
                stroke-linecap="round"
                stroke-linejoin="round"
                stroke-width="2"
                viewBox="0 0 24 24"
                width="24"
                xmlns="http://www.w3.org/2000/svg"
              >
                <circle
                  cx="12"
                  cy="12"
                  r="4"
                />
                <path
                  d="M12 2v2"
                />
                <path
                  d="M12 20v2"
                />
                <path
                  d="m4.93 4.93 1.41 1.41"
                />
                <path
                  d="m17.66 17.66 1.41 1.41"
                />
                <path
                  d="M2 12h2"
                />
                <path
                  d="M20 12h2"
                />
                <path
                  d="m6.34 17.66-1.41 1.41"
                />
                <path
                  d="m19.07 4.93-1.41 1.41"
                />
              </svg>
              <svg
                class="lucide lucide-moon absolute h-[1.2rem] w-[1.2rem] rotate-90 scale-0 transition-all dark:rotate-0 dark:scale-100"
                fill="none"
                height="24"
                stroke="currentColor"
                stroke-linecap="round"
                stroke-linejoin="round"
                stroke-width="2"
                viewBox="0 0 24 24"
                width="24"
                xmlns="http://www.w3.org/2000/svg"
              >
                <path
                  d="M12 3a6 6 0 0 0 9 9 9 9 0 1 1-9-9Z"
                />
              </svg>
              <span
                class="sr-only"
              >
                Toggle theme
              </span>
            </button>
          </div>
        </nav>
      </div>
    </div>
  </body>,
  "container": <div>
    <div
      class="supports-backdrop-blur:bg-background/60 fixed left-0 right-0 top-0 z-20 border-b bg-background/95 backdrop-blur"
    >
      <nav
        class="flex h-16 items-center justify-between px-4"
      >
        <a
          class="hidden items-center justify-between gap-2 md:flex"
          href="/"
        >
          <svg
            class="lucide lucide-boxes h-6 w-6"
            fill="none"
            height="24"
            stroke="currentColor"
            stroke-linecap="round"
            stroke-linejoin="round"
            stroke-width="2"
            viewBox="0 0 24 24"
            width="24"
            xmlns="http://www.w3.org/2000/svg"
          >
            <path
              d="M2.97 12.92A2 2 0 0 0 2 14.63v3.24a2 2 0 0 0 .97 1.71l3 1.8a2 2 0 0 0 2.06 0L12 19v-5.5l-5-3-4.03 2.42Z"
            />
            <path
              d="m7 16.5-4.74-2.85"
            />
            <path
              d="m7 16.5 5-3"
            />
            <path
              d="M7 16.5v5.17"
            />
            <path
              d="M12 13.5V19l3.97 2.38a2 2 0 0 0 2.06 0l3-1.8a2 2 0 0 0 .97-1.71v-3.24a2 2 0 0 0-.97-1.71L17 10.5l-5 3Z"
            />
            <path
              d="m17 16.5-5-3"
            />
            <path
              d="m17 16.5 4.74-2.85"
            />
            <path
              d="M17 16.5v5.17"
            />
            <path
              d="M7.97 4.42A2 2 0 0 0 7 6.13v4.37l5 3 5-3V6.13a2 2 0 0 0-.97-1.71l-3-1.8a2 2 0 0 0-2.06 0l-3 1.8Z"
            />
            <path
              d="M12 8 7.26 5.15"
            />
            <path
              d="m12 8 4.74-2.85"
            />
            <path
              d="M12 13.5V8"
            />
          </svg>
          <h1
            class="text-lg font-semibold"
          >
            Gepard Configuration Server
          </h1>
        </a>
        <div
          class="block md:!hidden"
        >
          <div
            aria-controls="radix-:r0:"
            aria-expanded="false"
            aria-haspopup="dialog"
            class="flex items-center justify-center gap-2"
            data-state="closed"
            type="button"
          >
            <svg
              class="lucide lucide-menu"
              fill="none"
              height="24"
              stroke="currentColor"
              stroke-linecap="round"
              stroke-linejoin="round"
              stroke-width="2"
              viewBox="0 0 24 24"
              width="24"
              xmlns="http://www.w3.org/2000/svg"
            >
              <line
                x1="4"
                x2="20"
                y1="12"
                y2="12"
              />
              <line
                x1="4"
                x2="20"
                y1="6"
                y2="6"
              />
              <line
                x1="4"
                x2="20"
                y1="18"
                y2="18"
              />
            </svg>
            <h1
              class="text-lg font-semibold"
            >
              Gepard Configuration Server
            </h1>
          </div>
        </div>
        <div
          class="flex items-center gap-2"
        >
          <button
            class="inline-flex items-center justify-center whitespace-nowrap rounded-md text-sm font-medium ring-offset-background transition-colors focus-visible:outline-none focus-visible:ring-2 focus-visible:ring-ring focus-visible:ring-offset-2 disabled:pointer-events-none disabled:opacity-50 border border-input bg-background hover:bg-accent hover:text-accent-foreground h-10 w-10"
          >
            <svg
              class="lucide lucide-sun h-[1.2rem] w-[1.2rem] rotate-0 scale-100 transition-all dark:-rotate-90 dark:scale-0"
              fill="none"
              height="24"
              stroke="currentColor"
              stroke-linecap="round"
              stroke-linejoin="round"
              stroke-width="2"
              viewBox="0 0 24 24"
              width="24"
              xmlns="http://www.w3.org/2000/svg"
            >
              <circle
                cx="12"
                cy="12"
                r="4"
              />
              <path
                d="M12 2v2"
              />
              <path
                d="M12 20v2"
              />
              <path
                d="m4.93 4.93 1.41 1.41"
              />
              <path
                d="m17.66 17.66 1.41 1.41"
              />
              <path
                d="M2 12h2"
              />
              <path
                d="M20 12h2"
              />
              <path
                d="m6.34 17.66-1.41 1.41"
              />
              <path
                d="m19.07 4.93-1.41 1.41"
              />
            </svg>
            <svg
              class="lucide lucide-moon absolute h-[1.2rem] w-[1.2rem] rotate-90 scale-0 transition-all dark:rotate-0 dark:scale-100"
              fill="none"
              height="24"
              stroke="currentColor"
              stroke-linecap="round"
              stroke-linejoin="round"
              stroke-width="2"
              viewBox="0 0 24 24"
              width="24"
              xmlns="http://www.w3.org/2000/svg"
            >
              <path
                d="M12 3a6 6 0 0 0 9 9 9 9 0 1 1-9-9Z"
              />
            </svg>
            <span
              class="sr-only"
            >
              Toggle theme
            </span>
          </button>
        </div>
      </nav>
    </div>
  </div>,
  "debug": [Function],
  "findAllByAltText": [Function],
  "findAllByDisplayValue": [Function],
  "findAllByLabelText": [Function],
  "findAllByPlaceholderText": [Function],
  "findAllByRole": [Function],
  "findAllByTestId": [Function],
  "findAllByText": [Function],
  "findAllByTitle": [Function],
  "findByAltText": [Function],
  "findByDisplayValue": [Function],
  "findByLabelText": [Function],
  "findByPlaceholderText": [Function],
  "findByRole": [Function],
  "findByTestId": [Function],
  "findByText": [Function],
  "findByTitle": [Function],
  "getAllByAltText": [Function],
  "getAllByDisplayValue": [Function],
  "getAllByLabelText": [Function],
  "getAllByPlaceholderText": [Function],
  "getAllByRole": [Function],
  "getAllByTestId": [Function],
  "getAllByText": [Function],
  "getAllByTitle": [Function],
  "getByAltText": [Function],
  "getByDisplayValue": [Function],
  "getByLabelText": [Function],
  "getByPlaceholderText": [Function],
  "getByRole": [Function],
  "getByTestId": [Function],
  "getByText": [Function],
  "getByTitle": [Function],
  "queryAllByAltText": [Function],
  "queryAllByDisplayValue": [Function],
  "queryAllByLabelText": [Function],
  "queryAllByPlaceholderText": [Function],
  "queryAllByRole": [Function],
  "queryAllByTestId": [Function],
  "queryAllByText": [Function],
  "queryAllByTitle": [Function],
  "queryByAltText": [Function],
  "queryByDisplayValue": [Function],
  "queryByLabelText": [Function],
  "queryByPlaceholderText": [Function],
  "queryByRole": [Function],
  "queryByTestId": [Function],
  "queryByText": [Function],
  "queryByTitle": [Function],
  "rerender": [Function],
  "unmount": [Function],
}
`;
