// Vitest Snapshot v1, https://vitest.dev/guide/snapshot.html

exports[`MobileSidebar Component > matches snapshot 1`] = `
{
  "asFragment": [Function],
  "baseElement": <body>
    <div>
      <div
        aria-controls="radix-:r0:"
        aria-expanded="false"
        aria-haspopup="dialog"
        class="flex items-center justify-center gap-2"
        data-state="closed"
        type="button"
      >
        <svg
          class="lucide lucide-menu"
          fill="none"
          height="24"
          stroke="currentColor"
          stroke-linecap="round"
          stroke-linejoin="round"
          stroke-width="2"
          viewBox="0 0 24 24"
          width="24"
          xmlns="http://www.w3.org/2000/svg"
        >
          <line
            x1="4"
            x2="20"
            y1="12"
            y2="12"
          />
          <line
            x1="4"
            x2="20"
            y1="6"
            y2="6"
          />
          <line
            x1="4"
            x2="20"
            y1="18"
            y2="18"
          />
        </svg>
        <h1
          class="text-lg font-semibold"
        >
          Gepard Configuration Server
        </h1>
      </div>
    </div>
  </body>,
  "container": <div>
    <div
      aria-controls="radix-:r0:"
      aria-expanded="false"
      aria-haspopup="dialog"
      class="flex items-center justify-center gap-2"
      data-state="closed"
      type="button"
    >
      <svg
        class="lucide lucide-menu"
        fill="none"
        height="24"
        stroke="currentColor"
        stroke-linecap="round"
        stroke-linejoin="round"
        stroke-width="2"
        viewBox="0 0 24 24"
        width="24"
        xmlns="http://www.w3.org/2000/svg"
      >
        <line
          x1="4"
          x2="20"
          y1="12"
          y2="12"
        />
        <line
          x1="4"
          x2="20"
          y1="6"
          y2="6"
        />
        <line
          x1="4"
          x2="20"
          y1="18"
          y2="18"
        />
      </svg>
      <h1
        class="text-lg font-semibold"
      >
        Gepard Configuration Server
      </h1>
    </div>
  </div>,
  "debug": [Function],
  "findAllByAltText": [Function],
  "findAllByDisplayValue": [Function],
  "findAllByLabelText": [Function],
  "findAllByPlaceholderText": [Function],
  "findAllByRole": [Function],
  "findAllByTestId": [Function],
  "findAllByText": [Function],
  "findAllByTitle": [Function],
  "findByAltText": [Function],
  "findByDisplayValue": [Function],
  "findByLabelText": [Function],
  "findByPlaceholderText": [Function],
  "findByRole": [Function],
  "findByTestId": [Function],
  "findByText": [Function],
  "findByTitle": [Function],
  "getAllByAltText": [Function],
  "getAllByDisplayValue": [Function],
  "getAllByLabelText": [Function],
  "getAllByPlaceholderText": [Function],
  "getAllByRole": [Function],
  "getAllByTestId": [Function],
  "getAllByText": [Function],
  "getAllByTitle": [Function],
  "getByAltText": [Function],
  "getByDisplayValue": [Function],
  "getByLabelText": [Function],
  "getByPlaceholderText": [Function],
  "getByRole": [Function],
  "getByTestId": [Function],
  "getByText": [Function],
  "getByTitle": [Function],
  "queryAllByAltText": [Function],
  "queryAllByDisplayValue": [Function],
  "queryAllByLabelText": [Function],
  "queryAllByPlaceholderText": [Function],
  "queryAllByRole": [Function],
  "queryAllByTestId": [Function],
  "queryAllByText": [Function],
  "queryAllByTitle": [Function],
  "queryByAltText": [Function],
  "queryByDisplayValue": [Function],
  "queryByLabelText": [Function],
  "queryByPlaceholderText": [Function],
  "queryByRole": [Function],
  "queryByTestId": [Function],
  "queryByText": [Function],
  "queryByTitle": [Function],
  "rerender": [Function],
  "unmount": [Function],
}
`;
