// Vitest Snapshot v1, https://vitest.dev/guide/snapshot.html

exports[`AgentSettings Page > matches snapshot 1`] = `
{
  "asFragment": [Function],
  "baseElement": <body>
    <div>
      <div
        class="flex flex-col gap-2"
      >
        <div
          class="rounded-lg border bg-card text-card-foreground shadow-sm p-2"
        >
          <div
            class="flex flex-col space-y-1.5 p-6"
          >
            <h3
              class="text-2xl font-semibold leading-none tracking-tight"
            >
              Agent
            </h3>
            <p
              class="text-sm text-muted-foreground"
            >
              Running on 
              1
            </p>
          </div>
          <div
            class="p-6 pt-0"
          >
            <div
              class="space-y-1"
            >
              <h4
                class="text-sm leading-none"
              >
                InspectIT Gepard Version
              </h4>
              <p
                class="text-sm text-muted-foreground"
              >
                0.0.1-SNAPSHOT
              </p>
            </div>
            <div
              class="space-y-1"
            >
              <h4
                class="text-sm leading-none"
              >
                OpenTelemetry Version
              </h4>
              <p
                class="text-sm text-muted-foreground"
              >
                0.0.1-SNAPSHOT
              </p>
            </div>
            <div
              class="space-y-1"
            >
              <h4
                class="text-sm leading-none"
              >
                Java Version
              </h4>
              <p
                class="text-sm text-muted-foreground"
              >
                17
              </p>
            </div>
          </div>
        </div>
        <div
          class="rounded-lg border bg-card text-card-foreground shadow-sm"
        >
          <div
            class="flex flex-col space-y-1.5 p-6"
          >
            <h3
              class="text-2xl font-semibold leading-none tracking-tight"
            >
              Scopes
            </h3>
            <p
              class="text-sm text-muted-foreground"
            >
              Configure the scope of this agent.
            </p>
          </div>
          <div
            class="p-6 pt-0"
          >
            <h1
              class="text-2xl font-bold"
            >
              Here you will have an Input Field and a List of Classes, which this agents configures.
            </h1>
          </div>
        </div>
      </div>
    </div>
  </body>,
  "container": <div>
    <div
      class="flex flex-col gap-2"
    >
      <div
        class="rounded-lg border bg-card text-card-foreground shadow-sm p-2"
      >
        <div
          class="flex flex-col space-y-1.5 p-6"
        >
          <h3
            class="text-2xl font-semibold leading-none tracking-tight"
          >
            Agent
          </h3>
          <p
            class="text-sm text-muted-foreground"
          >
            Running on 
            1
          </p>
        </div>
        <div
          class="p-6 pt-0"
        >
          <div
            class="space-y-1"
          >
            <h4
              class="text-sm leading-none"
            >
              InspectIT Gepard Version
            </h4>
            <p
              class="text-sm text-muted-foreground"
            >
              0.0.1-SNAPSHOT
            </p>
          </div>
          <div
            class="space-y-1"
          >
            <h4
              class="text-sm leading-none"
            >
              OpenTelemetry Version
            </h4>
            <p
              class="text-sm text-muted-foreground"
            >
              0.0.1-SNAPSHOT
            </p>
          </div>
          <div
            class="space-y-1"
          >
            <h4
              class="text-sm leading-none"
            >
              Java Version
            </h4>
            <p
              class="text-sm text-muted-foreground"
            >
              17
            </p>
          </div>
        </div>
      </div>
      <div
        class="rounded-lg border bg-card text-card-foreground shadow-sm"
      >
        <div
          class="flex flex-col space-y-1.5 p-6"
        >
          <h3
            class="text-2xl font-semibold leading-none tracking-tight"
          >
            Scopes
          </h3>
          <p
            class="text-sm text-muted-foreground"
          >
            Configure the scope of this agent.
          </p>
        </div>
        <div
          class="p-6 pt-0"
        >
          <h1
            class="text-2xl font-bold"
          >
            Here you will have an Input Field and a List of Classes, which this agents configures.
          </h1>
        </div>
      </div>
    </div>
  </div>,
  "debug": [Function],
  "findAllByAltText": [Function],
  "findAllByDisplayValue": [Function],
  "findAllByLabelText": [Function],
  "findAllByPlaceholderText": [Function],
  "findAllByRole": [Function],
  "findAllByTestId": [Function],
  "findAllByText": [Function],
  "findAllByTitle": [Function],
  "findByAltText": [Function],
  "findByDisplayValue": [Function],
  "findByLabelText": [Function],
  "findByPlaceholderText": [Function],
  "findByRole": [Function],
  "findByTestId": [Function],
  "findByText": [Function],
  "findByTitle": [Function],
  "getAllByAltText": [Function],
  "getAllByDisplayValue": [Function],
  "getAllByLabelText": [Function],
  "getAllByPlaceholderText": [Function],
  "getAllByRole": [Function],
  "getAllByTestId": [Function],
  "getAllByText": [Function],
  "getAllByTitle": [Function],
  "getByAltText": [Function],
  "getByDisplayValue": [Function],
  "getByLabelText": [Function],
  "getByPlaceholderText": [Function],
  "getByRole": [Function],
  "getByTestId": [Function],
  "getByText": [Function],
  "getByTitle": [Function],
  "queryAllByAltText": [Function],
  "queryAllByDisplayValue": [Function],
  "queryAllByLabelText": [Function],
  "queryAllByPlaceholderText": [Function],
  "queryAllByRole": [Function],
  "queryAllByTestId": [Function],
  "queryAllByText": [Function],
  "queryAllByTitle": [Function],
  "queryByAltText": [Function],
  "queryByDisplayValue": [Function],
  "queryByLabelText": [Function],
  "queryByPlaceholderText": [Function],
  "queryByRole": [Function],
  "queryByTestId": [Function],
  "queryByText": [Function],
  "queryByTitle": [Function],
  "rerender": [Function],
  "unmount": [Function],
}
`;
